#-----------------------------------------------------------
# Vivado v2022.1 (64-bit)
# SW Build 3526262 on Mon Apr 18 15:47:01 MDT 2022
# IP Build 3524634 on Mon Apr 18 20:55:01 MDT 2022
# Start of session at: Fri Jun  6 13:34:52 2025
# Process ID: 103246
# Current directory: /home/veronrd/veron_github/croc_soc/xilinx
# Command line: vivado /home/veronrd/veron_github/croc_soc/xilinx/build/nexys-a7-100t.croc/croc.xpr
# Log file: /home/veronrd/veron_github/croc_soc/xilinx/vivado.log
# Journal file: /home/veronrd/veron_github/croc_soc/xilinx/vivado.jou
# Running On: veronrd-Precision-5680, OS: Linux, CPU Frequency: 629.100 MHz, CPU Physical cores: 14, Host memory: 66981 MB
#-----------------------------------------------------------
start_gui
open_project /home/veronrd/veron_github/croc_soc/xilinx/build/nexys-a7-100t.croc/croc.xpr
update_compile_order -fileset sources_1
launch_runs synth_1 -jobs 10
wait_on_run synth_1
update_compile_order -fileset sources_1
reset_run synth_1
launch_runs synth_1 -jobs 10
wait_on_run synth_1
launch_runs impl_1 -jobs 10
wait_on_run impl_1
open_run synth_1 -name synth_1
report_utilization -name utilization_1
launch_runs impl_1 -to_step write_bitstream -jobs 10
wait_on_run impl_1
open_run impl_1
close_design
close_design
reset_run synth_1
launch_runs impl_1 -jobs 10
wait_on_run impl_1
open_run impl_1
